[backblue.gif]
[fade.gif]
[index.html]
[gpt.karnataka.gov.in/gwptbengaluru/public/assets/front/images/kar_main_logo.png]
[gpt.karnataka.gov.in/gwptbengaluru/public/assets/front/js/jquery_min.js]
[gpt.karnataka.gov.in/gwptbengaluru/public/assets/front/js/bootstrap.min.3.3.1.js]
[gpt.karnataka.gov.in/gwptbengaluru/public/assets/front/js/fontawsome.js]
[planning.karnataka.gov.in/frontend/opt1/images/cm_logo/chief_minister_of_karrnataka_en.png]
[gpt.karnataka.gov.in/gwptbengaluru/public/uploads/dept_logo1652174276.jpg]
[gpt.karnataka.gov.in/gwptbengaluru/public/uploads/media_to_upload1640689046.jpg]
[mybmtc.karnataka.gov.in/frontend/opt1/images/center_logo/Janaspandana-logo-sm.png]
[gpt.karnataka.gov.in/gwptbengaluru/public/uploads/minister_photo1702449114.jpg]
[gpt.karnataka.gov.in/gwptbengaluru/public/uploads/hod_photo1702449114.jpg]
[gpt.karnataka.gov.in/gwptbengaluru/public/uploads/dept_photo1652174276.jpg]
[gpt.karnataka.gov.in/gwptbengaluru/public/uploads/media_to_upload1674829788.jpg]
[gpt.karnataka.gov.in/gwptbengaluru/public/uploads/media_to_upload1672309930.jpg]
[gpt.karnataka.gov.in/gwptbengaluru/public/uploads/media_to_upload1672309800.jpg]
[gpt.karnataka.gov.in/gwptbengaluru/public/uploads/media_to_upload1672308597.jpg]
[gpt.karnataka.gov.in/gwptbengaluru/public/uploads/media_to_upload1672139081.png]
[gpt.karnataka.gov.in/gwptbengaluru/public/uploads/media_to_upload1672138929.png]
[gpt.karnataka.gov.in/gwptbengaluru/public/uploads/media_to_upload1672139210.png]
[gpt.karnataka.gov.in/gwptbengaluru/public/uploads/media_to_upload1672138300.png]
[gpt.karnataka.gov.in/gwptbengaluru/public/uploads/media_to_upload1672137237.jpg]
[gpt.karnataka.gov.in/gwptbengaluru/public/uploads/media_to_upload1706519763.jpg]
[gpt.karnataka.gov.in/gwptbengaluru/public/uploads/media_to_upload1671864044.jpg]
[gpt.karnataka.gov.in/gwptbengaluru/public/uploads/media_to_upload1671863474.jpg]
[gpt.karnataka.gov.in/gwptbengaluru/public/uploads/media_to_upload1671863028.png]
[gpt.karnataka.gov.in/gwptbengaluru/public/uploads/media_to_upload1671862549.jpg]
[gpt.karnataka.gov.in/gwptbengaluru/public/uploads/media_to_upload1671863673.png]
[gpt.karnataka.gov.in/gwptbengaluru/public/uploads/media_to_upload1671863770.png]
[gpt.karnataka.gov.in/gwptbengaluru/public/uploads/96071706519992.jpg]
[gpt.karnataka.gov.in/gwptbengaluru/public/uploads/41461706509679.jpg]
[gpt.karnataka.gov.in/gwptbengaluru/public/uploads/72761706509549.jpg]
[gpt.karnataka.gov.in/gwptbengaluru/public/uploads/23561702451216.jpg]
[gpt.karnataka.gov.in/gwptbengaluru/public/uploads/98561702451216.jpg]
[ceg.karnataka.gov.in/frontend/opt1/images/CONTACT-DIRECTORY.png]
[ceg.karnataka.gov.in/frontend/opt1/images/IMPORTENT-WEBSITES.png]
[ceg.karnataka.gov.in/frontend/opt1/images/ceg11.png]
[ceg.karnataka.gov.in/frontend/opt1/images/E-SERVICES.png]
[ceg.karnataka.gov.in/frontend/opt1/images/STATISTICS-WEBSITES.png]
[ceg.karnataka.gov.in/frontend/opt1/images/MOBILE-APPS.png]
[ceg.karnataka.gov.in/frontend/opt1/images/TECHNICLE-WEBSITES.png]
[ceg.karnataka.gov.in/frontend/opt1/images/KANNADA-WEBSITES.png]
[ceg.karnataka.gov.in/frontend/opt1/images/LAW-COURT.png]
[ceg.karnataka.gov.in/frontend/opt1/images/TOURIST-WEBSITE.png]
[ceg.karnataka.gov.in/frontend/opt1/images/GOVERNMENT-HOLLIDAY.png]
[ceg.karnataka.gov.in/frontend/opt1/images/modal_icons/important_websites/karnataka_rajbhavan.png]
[ceg.karnataka.gov.in/frontend/opt1/images/modal_icons/important_websites/vidan_souda.png]
[ceg.karnataka.gov.in/frontend/opt1/images/modal_icons/important_websites/vidan_sabhe.png]
[ceg.karnataka.gov.in/frontend/opt1/images/modal_icons/important_websites/vidan_parishat.png]
[ceg.karnataka.gov.in/frontend/opt1/images/modal_icons/ceg/webportal logo.png]
[ceg.karnataka.gov.in/frontend/opt1/images/modal_icons/ceg/adhaar.png]
[ceg.karnataka.gov.in/frontend/opt1/images/modal_icons/ceg/eoffice.png]
[ceg.karnataka.gov.in/frontend/opt1/images/modal_icons/ceg/esangraha.png]
[ceg.karnataka.gov.in/frontend/opt1/images/modal_icons/ceg/hrms.png]
[ceg.karnataka.gov.in/frontend/opt1/images/modal_icons/ceg/krdh.png]
[ceg.karnataka.gov.in/frontend/opt1/images/modal_icons/ceg/kswan.png]
[ceg.karnataka.gov.in/frontend/opt1/images/modal_icons/ceg/sdc.png]
[ceg.karnataka.gov.in/frontend/opt1/images/icons/kodi.jpg]
[ceg.karnataka.gov.in/frontend/opt1/images/icons/digi.jpg]
[ceg.karnataka.gov.in/frontend/opt1/images/modal_icons/eservices/kar.png]
[ceg.karnataka.gov.in/frontend/opt1/images/icons/nad.png]
[egovernance.karnataka.gov.in/frontend/opt1/images/Janaspandana-logo.png]
[egovernance.karnataka.gov.in/frontend/opt1/images/kar_logo.png]
[ceg.karnataka.gov.in/frontend/opt1/images/modal_icons/eservices/sakala.png]
[ceg.karnataka.gov.in/frontend/opt1/images/modal_icons/eservices/espandana.png]
[ceg.karnataka.gov.in/frontend/opt1/images/modal_icons/central_govt_websites/parliment_samsattu.png]
[ceg.karnataka.gov.in/frontend/opt1/images/modal_icons/central_govt_websites/presidents_office.png]
[ceg.karnataka.gov.in/frontend/opt1/images/modal_icons/central_govt_websites/prime_ministers.png]
[ceg.karnataka.gov.in/frontend/opt1/images/modal_icons/central_govt_websites/passport_seva.png]
[ceg.karnataka.gov.in/frontend/opt1/images/modal_icons/central_govt_websites/adhaar.png]
[ceg.karnataka.gov.in/frontend/opt1/images/modal_icons/central_govt_websites/karnataka_bhavan.png]
[ceg.karnataka.gov.in/frontend/opt1/images/modal_icons/technical_websites/cdac.png]
[ceg.karnataka.gov.in/frontend/opt1/images/modal_icons/technical_websites/nic.png]
[ceg.karnataka.gov.in/frontend/opt1/images/modal_icons/technical_websites/stqc.png]
[ceg.karnataka.gov.in/frontend/opt1/images/modal_icons/kannada_websites/kannada_sahitya_parishat.png]
[ceg.karnataka.gov.in/frontend/opt1/images/modal_icons/kannada_websites/kanaja.png]
[ceg.karnataka.gov.in/frontend/opt1/images/modal_icons/kannada_websites/kannada_abhiruddi_pradikar.png]
[ceg.karnataka.gov.in/frontend/opt1/images/e-kanada-logo.png]
[ceg.karnataka.gov.in/frontend/opt1/images/modal_icons/commissions_websites/human_rights_kar.png]
[ceg.karnataka.gov.in/frontend/opt1/images/modal_icons/commissions_websites/all_ayoga.png]
[ceg.karnataka.gov.in/frontend/opt1/images/modal_icons/law_websites/supreeem_court.png]
[ceg.karnataka.gov.in/frontend/opt1/images/modal_icons/law_websites/high_1_court.png]
[ceg.karnataka.gov.in/frontend/opt1/images/modal_icons/law_websites/district_courts.png]
[ceg.karnataka.gov.in/frontend/opt1/images/modal_icons/law_websites/cat.png]
[ceg.karnataka.gov.in/frontend/opt1/images/modal_icons/law_websites/dpar.png]
[ceg.karnataka.gov.in/frontend/opt1/images/modal_icons/downloads_websites/nudi.png]
[ceg.karnataka.gov.in/frontend/opt1/images/modal_icons/downloads_websites/go_translate_cdac.png]
[ceg.karnataka.gov.in/frontend/opt1/images/modal_icons/downloads_websites/e_speak.png]
[ceg.karnataka.gov.in/frontend/opt1/images/modal_icons/downloads_websites/kan_voice_notes.png]
[ceg.karnataka.gov.in/frontend/opt1/images/cm_logo/Meity_logo.png]
[ceg.karnataka.gov.in/frontend/opt1/images/cm_logo/digital-india-logo.png]
[ceg.karnataka.gov.in/frontend/opt1/images/cm_logo/data-gov-logo.png]
[ceg.karnataka.gov.in/frontend/opt1/images/cm_logo/india-gov-logo.png]
[ceg.karnataka.gov.in/frontend/opt1/images/cm_logo/pm-india-logo.png]
[ceg.karnataka.gov.in/frontend/opt1/images/GIGW.jpg]
[ceg.karnataka.gov.in/frontend/opt1/images/WCAG.jpg]
[ceg.karnataka.gov.in/frontend/opt1/images/SSLcertificate.png]
[ceg.karnataka.gov.in/frontend/opt1/images/w3c.png]
[ceg.karnataka.gov.in/frontend/opt1/images/kp_kn.jpg]
[labour.gov.in/sites/default/files/pdf.png]
[labour.gov.in/sites/default/files/Word.png]
[labour.gov.in/sites/default/files/Excel.png]
[labour.gov.in/sites/default/files/powerpoint.png]
[labour.gov.in/sites/default/files/Flash.png]
[labour.gov.in/sites/default/files/red.png]
[gpt.karnataka.gov.in/gwptbengaluru/public/assets/front/js/colorchange.js]
[gpt.karnataka.gov.in/gwptbengaluru/public/assets/front/owl/owl.carousel.js]
[gpt.karnataka.gov.in/gwptbengaluru/public/assets/front/js/aos.js]
[gpt.karnataka.gov.in/gwptbengaluru/public/assets/front/js/acc_search.js]
[gpt.karnataka.gov.in/gwptbengaluru/public/assets/front/js/custom.js]
[gpt.karnataka.gov.in/gwptbengaluru/public/assets/front/map/main.js]
[gpt.karnataka.gov.in/gwptbengaluru/public/assets/front/tabswipe/js/custom8648.js]
[gpt.karnataka.gov.in/gwptbengaluru/public/assets/front/tabswipe/js/swipebundle.js]
[gpt.karnataka.gov.in/gwptbengaluru/public/assets/front/js/custom_fancybox.js]
[gpt.karnataka.gov.in/gwptbengaluru/public/assets/front/js/facncybox.js]
[gpt.karnataka.gov.in/gwptbengaluru/public/en.html]
[planning.karnataka.gov.in/frontend/opt1/images/cm_logo/chief_minister_of_karrnataka_kn.png]
[gpt.karnataka.gov.in/gwptbengaluru/public/uploads/kn_dept_logo1652174276.jpg]
[ceg.karnataka.gov.in/frontend/opt1/images/modal_icons/govt_apps/bmtc.png]
[ceg.karnataka.gov.in/frontend/opt1/images/modal_icons/govt_apps/bhoomi.png]
[ceg.karnataka.gov.in/frontend/opt1/images/modal_icons/govt_apps/all_ayoga.png]
[ceg.karnataka.gov.in/frontend/opt1/images/modal_icons/govt_apps/ksrtc.png]
[ceg.karnataka.gov.in/frontend/opt1/images/modal_icons/govt_apps/gram_panchayat.png]
[ceg.karnataka.gov.in/frontend/opt1/images/modal_icons/govt_apps/karnataka_police.png]
[gpt.karnataka.gov.in/gwptbengaluru/public/assets/front/js/custombf2a.js]
[gpt.karnataka.gov.in/gwptbengaluru/public/index.html]
[gpt.karnataka.gov.in/gwptbengaluru/public/assets/front/tabswipe/js/custom.js]
[gpt.karnataka.gov.in/gwptbengaluru/public/assets/front/css/google_fonts.css]
[gpt.karnataka.gov.in/gwptbengaluru/public/assets/front/fonts/fontawesome-webfont3e6e.eot]
[gpt.karnataka.gov.in/gwptbengaluru/public/assets/front/fonts/fontawesome-webfontd41d.eot]
[gpt.karnataka.gov.in/gwptbengaluru/public/assets/front/fonts/fontawesome-webfont3e6e.woff2]
[gpt.karnataka.gov.in/gwptbengaluru/public/assets/front/fonts/fontawesome-webfont3e6e.woff]
[gpt.karnataka.gov.in/gwptbengaluru/public/assets/front/fonts/fontawesome-webfont3e6e.ttf]
[gpt.karnataka.gov.in/gwptbengaluru/public/assets/front/css/font-awesome.min.css]
[gpt.karnataka.gov.in/gwptbengaluru/public/assets/front/css/w3.css]
[gpt.karnataka.gov.in/gwptbengaluru/public/assets/front/owl/owl.carousel.min.css]
[gpt.karnataka.gov.in/gwptbengaluru/public/assets/front/css/bootstrap.min.css]
[gpt.karnataka.gov.in/gwptbengaluru/public/assets/front/css/aos.css]
[gpt.karnataka.gov.in/gwptbengaluru/public/assets/front/img/fancybox_sprite.png]
[gpt.karnataka.gov.in/gwptbengaluru/public/assets/front/css/fancybox.css]
[gpt.karnataka.gov.in/gwptbengaluru/public/assets/front/images/abt-vs-bg2.jpg]
[gpt.karnataka.gov.in/gwptbengaluru/public/assets/front/fonts/glyphicons/glyphicons-halflings-regular.ttf]
[gpt.karnataka.gov.in/gwptbengaluru/public/assets/front/fonts/poppins/Poppins-Regular.ttf]
[gpt.karnataka.gov.in/gwptbengaluru/public/assets/front/fonts/poppins/Poppins-Bold.ttf]
[gpt.karnataka.gov.in/gwptbengaluru/public/assets/front/fonts/poppins/Poppins-SemiBold.ttf]
[gpt.karnataka.gov.in/gwptbengaluru/public/assets/front/fonts/OpenSans-Regular.ttf]
[seeklogo.com/images/G/google-logo-28FA7991AF-seeklogo.com.png]
[gpt.karnataka.gov.in/gwptbengaluru/public/assets/front/images/box-shadow.png]
[gpt.karnataka.gov.in/gwptbengaluru/public/assets/front/css/mystyle8648.css]
[gpt.karnataka.gov.in/gwptbengaluru/public/assets/front/css/mymobile8648.css]
[gpt.karnataka.gov.in/gwptbengaluru/public/assets/front/css/mysmallmobile8648.css]
[gpt.karnataka.gov.in/gwptbengaluru/public/assets/front/tabswipe/css/swipe_bundle.css]
[gpt.karnataka.gov.in/gwptbengaluru/public/assets/front/tabswipe/css/tabswipe_style.css]
[gpt.karnataka.gov.in/gwptbengaluru/public/assets/back/bower_components/jquery/jquery.min.js]
[gpt.karnataka.gov.in/gwptbengaluru/public/assets/back/js/crypto.js]
[gpt.karnataka.gov.in/gwptbengaluru/public/assets/back/js/jqueryui.js]
[gpt.karnataka.gov.in/gwptbengaluru/public/assets/back/bower_components/bootstrap/dist/js/bootstrap.min.js]
[gpt.karnataka.gov.in/gwptbengaluru/public/assets/back/js/jquery.cookie.js]
[gpt.karnataka.gov.in/gwptbengaluru/public/assets/back/bower_components/moment/min/moment.min.js]
[gpt.karnataka.gov.in/gwptbengaluru/public/assets/back/bower_components/fullcalendar/dist/fullcalendar.min.js]
[gpt.karnataka.gov.in/gwptbengaluru/public/assets/back/js/jquery.dataTables.min.js]
[gpt.karnataka.gov.in/gwptbengaluru/public/assets/back/bower_components/chosen/chosen.jquery.min.js]
[gpt.karnataka.gov.in/gwptbengaluru/public/assets/back/bower_components/colorbox/jquery.colorbox-min.js]
[gpt.karnataka.gov.in/gwptbengaluru/public/assets/back/js/jquery.noty.js]
[gpt.karnataka.gov.in/gwptbengaluru/public/assets/back/bower_components/responsive-tables/responsive-tables.js]
[gpt.karnataka.gov.in/gwptbengaluru/public/assets/back/bower_components/bootstrap-tour/build/js/bootstrap-tour.min.js]
[gpt.karnataka.gov.in/gwptbengaluru/public/assets/back/js/jquery.raty.min.js]
[gpt.karnataka.gov.in/gwptbengaluru/public/assets/back/js/jquery.iphone.toggle.js]
[gpt.karnataka.gov.in/gwptbengaluru/public/assets/back/js/jquery.autogrow-textarea.js]
[gpt.karnataka.gov.in/gwptbengaluru/public/assets/back/js/jquery.uploadify-3.1.min.js]
[gpt.karnataka.gov.in/gwptbengaluru/public/assets/back/js/jquery.history.js]
[gpt.karnataka.gov.in/gwptbengaluru/public/assets/back/js/charisma.js]
[gpt.karnataka.gov.in/gwptbengaluru/public/assets/back/js/custom.js]
[gpt.karnataka.gov.in/gwptbengaluru/public/assets/back/js/tinymce/tinymce.js]
[gpt.karnataka.gov.in/gwptbengaluru/public/back/index.html]
[gpt.karnataka.gov.in/gwptbengaluru/public/assets/front/js/custom21e0.js]
[gpt.karnataka.gov.in/gwptbengaluru/public/kn.html]
[gpt.karnataka.gov.in/gwptbengaluru/public/assets/front/tabswipe/js/custom08c7.js]
[gpt.karnataka.gov.in/gwptbengaluru/public/23/history/en.html]
[gpt.karnataka.gov.in/gwptbengaluru/public/21/science-and-humanities/en.html]
[gpt.karnataka.gov.in/gwptbengaluru/public/37/contact-us/en.html]
[gpt.karnataka.gov.in/gwptbengaluru/public/feedback/en.html]
[gpt.karnataka.gov.in/gwptbengaluru/public/assets/front/js/customf0c8.js]
[gpt.karnataka.gov.in/gwptbengaluru/public/events.html]
[gpt.karnataka.gov.in/gwptbengaluru/public/assets/front/tabswipe/js/customf0c8.js]
[gpt.karnataka.gov.in/gwptbengaluru/public/events/en.html]
[gpt.karnataka.gov.in/gwptbengaluru/public/assets/front/tabswipe/js/customdde7.js]
[gpt.karnataka.gov.in/gwptbengaluru/public/notifications/en.html]
[gpt.karnataka.gov.in/gwptbengaluru/public/assets/front/js/customf3ff.js]
[gpt.karnataka.gov.in/gwptbengaluru/public/gallery/kn.html]
[gpt.karnataka.gov.in/gwptbengaluru/public/assets/front/tabswipe/js/customf3ff.js]
[gpt.karnataka.gov.in/gwptbengaluru/public/39/result-announcement/en.html]
[ceg.karnataka.gov.in/frontend/opt1/images/COMMISSIONS.png]
[ceg.karnataka.gov.in/frontend/opt1/images/CENTREL-GOVT-WEBSITES.png]
[maxcdn.bootstrapcdn.com/bootstrap/3.4.1/css/bootstrap.min.css]
[ceg.karnataka.gov.in/frontend/opt1/images/DOWNLOADS.png]
[ajax.googleapis.com/ajax/libs/jquery/3.6.4/jquery.min.js]
[maxcdn.bootstrapcdn.com/bootstrap/3.4.1/js/bootstrap.min.js]
[www.w3schools.com/w3css/4/w3.css]
[kit.fontawesome.com/8e9180aad7.js]
[stackpath.bootstrapcdn.com/bootstrap/5.0.0-alpha2/css/bootstrap.min.css]
[static.elfsight.com/platform/platform.js]
[connect.facebook.net/kn_IN/sdk.js]
[platform.twitter.com/widgets.js]
[ceg.karnataka.gov.in/frontend/opt1/images/e-pragathi.png]
[ceg.karnataka.gov.in/frontend/opt1/images/e_taal.png]
[ceg.karnataka.gov.in/frontend/opt1/images/data.png]
[ceg.karnataka.gov.in/frontend/opt1/images/gazette.png]
[cdnjs.cloudflare.com/ajax/libs/popper.js/2.5.4/umd/popper.min.js]
[ceg.karnataka.gov.in/frontend/opt1/images/modal_icons/Statistics/e-pragathi.html]
[ceg.karnataka.gov.in/frontend/opt1/images/modal_icons/Statistics/e_taal.html]
[ceg.karnataka.gov.in/frontend/opt1/images/modal_icons/Statistics/data.html]
[ceg.karnataka.gov.in/frontend/opt1/images/modal_icons/Statistics/gazette.html]
[ceg.karnataka.gov.in/frontend/opt1/images/modal_icons/Statistics/pratibimba_cm_dashbaord.html]
[ceg.karnataka.gov.in/frontend/opt1/images/modal_icons/kannada_websites/kannada_culure_dept.png]
[gpt.karnataka.gov.in/gwptbengaluru/public/sitemap/en.html]
[gpt.karnataka.gov.in/gwptbengaluru/public/assets/front/tabswipe/js/custom031e.js]
[gpt.karnataka.gov.in/gwptbengaluru/public/assets/front/fonts/kn/NotoSansKannadaUI-Regular.ttf]
[gpt.karnataka.gov.in/gwptbengaluru/public/assets/front/css/knfont.css]
[gpt.karnataka.gov.in/gwptbengaluru/public/assets/front/css/mystylebf2a.css]
[gpt.karnataka.gov.in/gwptbengaluru/public/assets/front/css/mymobilebf2a.css]
[gpt.karnataka.gov.in/gwptbengaluru/public/assets/front/css/mysmallmobilebf2a.css]
[gpt.karnataka.gov.in/gwptbengaluru/public/assets/front/tabswipe/css/swipe.css]
[gpt.karnataka.gov.in/gwptbengaluru/public/assets/front/js/customa356.js]
[gpt.karnataka.gov.in/gwptbengaluru/public/23/history/kn.html]
[gpt.karnataka.gov.in/gwptbengaluru/public/21/science-and-humanities/kn.html]
[gpt.karnataka.gov.in/gwptbengaluru/public/37/contact-us/kn.html]
[gpt.karnataka.gov.in/gwptbengaluru/public/assets/front/js/customf9cd.js]
[gpt.karnataka.gov.in/gwptbengaluru/public/feedback/kn.html]
[gpt.karnataka.gov.in/gwptbengaluru/public/events/kn.html]
[gpt.karnataka.gov.in/gwptbengaluru/public/notifications/kn.html]
[gpt.karnataka.gov.in/gwptbengaluru/public/39/result-announcement/kn.html]
[gpt.karnataka.gov.in/gwptbengaluru/public/assets/front/js/customb54f.js]
[gpt.karnataka.gov.in/gwptbengaluru/public/sitemap/kn.html]
[gpt.karnataka.gov.in/gwptbengaluru/public/assets/front/fonts/fontawesome-webfont3e6e.svg]
[gpt.karnataka.gov.in/gwptbengaluru/public/assets/back/fonts/glyphicons-halflings-regular.eot]
[gpt.karnataka.gov.in/gwptbengaluru/public/assets/back/fonts/glyphicons-halflings-regulard41d.eot]
[gpt.karnataka.gov.in/gwptbengaluru/public/assets/back/fonts/glyphicons-halflings-regular.woff]
[gpt.karnataka.gov.in/gwptbengaluru/public/assets/back/fonts/glyphicons-halflings-regular.ttf]
[gpt.karnataka.gov.in/gwptbengaluru/public/assets/back/css/bootstrap-cerulean.min.css]
[gpt.karnataka.gov.in/gwptbengaluru/public/assets/back/img/ajax-loaders/ajax-loader-6.gif]
[gpt.karnataka.gov.in/gwptbengaluru/public/assets/back/css/charisma-app.css]
[gpt.karnataka.gov.in/gwptbengaluru/public/assets/back/bower_components/fullcalendar/dist/fullcalendar.css]
[gpt.karnataka.gov.in/gwptbengaluru/public/assets/back/bower_components/fullcalendar/dist/fullcalendar.print.css]
[gpt.karnataka.gov.in/gwptbengaluru/public/assets/back/bower_components/chosen/chosen-sprite.png]
[gpt.karnataka.gov.in/gwptbengaluru/public/assets/back/bower_components/chosen/chosen-sprite@2x.png]
[gpt.karnataka.gov.in/gwptbengaluru/public/assets/back/bower_components/chosen/chosen.min.css]
[gpt.karnataka.gov.in/gwptbengaluru/public/assets/back/bower_components/colorbox/example3/images/loading.gif]
[gpt.karnataka.gov.in/gwptbengaluru/public/assets/back/bower_components/colorbox/example3/colorbox.css]
[gpt.karnataka.gov.in/gwptbengaluru/public/assets/back/bower_components/colorbox/example3/images/controls.png]
[gpt.karnataka.gov.in/gwptbengaluru/public/assets/back/bower_components/responsive-tables/responsive-tables.css]
[gpt.karnataka.gov.in/gwptbengaluru/public/assets/back/bower_components/bootstrap-tour/build/css/bootstrap-tour.min.css]
[gpt.karnataka.gov.in/gwptbengaluru/public/assets/back/css/jquery.noty.css]
[gpt.karnataka.gov.in/gwptbengaluru/public/assets/back/css/noty_theme_default.css]
[gpt.karnataka.gov.in/gwptbengaluru/public/assets/back/img/logo.png]
[gpt.karnataka.gov.in/gwptbengaluru/public/assets/back/css/elfinder.min.css]
[gpt.karnataka.gov.in/gwptbengaluru/public/assets/back/css/elfinder.theme.css]
[gpt.karnataka.gov.in/gwptbengaluru/public/assets/back/img/iphone-style-checkboxes/on7ec1.png]
[gpt.karnataka.gov.in/gwptbengaluru/public/assets/back/img/iphone-style-checkboxes/off7ec1.png]
[gpt.karnataka.gov.in/gwptbengaluru/public/assets/back/img/iphone-style-checkboxes/slider_left7ec1.png]
[gpt.karnataka.gov.in/gwptbengaluru/public/assets/back/img/iphone-style-checkboxes/slider_right7ec1.png]
[gpt.karnataka.gov.in/gwptbengaluru/public/assets/back/img/iphone-style-checkboxes/slider_center7ec1.png]
[gpt.karnataka.gov.in/gwptbengaluru/public/assets/back/css/jquery.iphone.toggle.css]
[gpt.karnataka.gov.in/gwptbengaluru/public/assets/back/img/uploadify-cancel.png]
[gpt.karnataka.gov.in/gwptbengaluru/public/assets/back/css/uploadify.css]
[gpt.karnataka.gov.in/gwptbengaluru/public/assets/back/css/animate.min.css]
[gpt.karnataka.gov.in/gwptbengaluru/public/assets/back/css/jqueryui.html]
[gpt.karnataka.gov.in/gwptbengaluru/public/assets/back/css/custom_back.css]
[gpt.karnataka.gov.in/gwptbengaluru/public/back/captcha21e0.html]
[gpt.karnataka.gov.in/gwptbengaluru/public/assets/front/css/mystyle21e0.css]
[gpt.karnataka.gov.in/gwptbengaluru/public/assets/front/css/mymobile21e0.css]
[gpt.karnataka.gov.in/gwptbengaluru/public/assets/front/css/mysmallmobile21e0.css]
[gpt.karnataka.gov.in/gwptbengaluru/public/assets/front/css/mystyle08c7.css]
[gpt.karnataka.gov.in/gwptbengaluru/public/assets/front/css/mymobile08c7.css]
[gpt.karnataka.gov.in/gwptbengaluru/public/assets/front/css/mysmallmobile08c7.css]
[gpt.karnataka.gov.in/gwptbengaluru/public/assets/front/js/custom0f34.js]
[gpt.karnataka.gov.in/gwptbengaluru/public/23/history/zip/kedage_kannada_fonts.html]
[gpt.karnataka.gov.in/gwptbengaluru/public/23/history/zip/mallige_kannada_fonts.html]
[gpt.karnataka.gov.in/gwptbengaluru/public/assets/front/js/custom1a4d.js]
[gpt.karnataka.gov.in/gwptbengaluru/public/23/history/zip/Lohit_kannada_fonts.html]
[gpt.karnataka.gov.in/gwptbengaluru/public/23/history/zip/Murty_Kannada_fonts.html]
[gpt.karnataka.gov.in/gwptbengaluru/public/23/history/zip/SakalBharati_kannada_fonts.html]
[gpt.karnataka.gov.in/gwptbengaluru/public/assets/front/js/customf554.js]
[gpt.karnataka.gov.in/gwptbengaluru/public/21/science-and-humanities/zip/kedage_kannada_fonts.html]
[gpt.karnataka.gov.in/gwptbengaluru/public/21/science-and-humanities/zip/mallige_kannada_fonts.html]
[gpt.karnataka.gov.in/gwptbengaluru/public/21/science-and-humanities/zip/Lohit_kannada_fonts.html]
[gpt.karnataka.gov.in/gwptbengaluru/public/21/science-and-humanities/zip/Murty_Kannada_fonts.html]
[gpt.karnataka.gov.in/gwptbengaluru/public/assets/front/js/customc059.js]
[gpt.karnataka.gov.in/gwptbengaluru/public/21/science-and-humanities/zip/SakalBharati_kannada_fonts.html]
[gpt.karnataka.gov.in/gwptbengaluru/public/37/contact-us/zip/kedage_kannada_fonts.html]
[gpt.karnataka.gov.in/gwptbengaluru/public/37/contact-us/zip/mallige_kannada_fonts.html]
[gpt.karnataka.gov.in/gwptbengaluru/public/37/contact-us/zip/Lohit_kannada_fonts.html]
[gpt.karnataka.gov.in/gwptbengaluru/public/37/contact-us/zip/Murty_Kannada_fonts.html]
[gpt.karnataka.gov.in/gwptbengaluru/public/assets/front/js/custom419d.js]
[gpt.karnataka.gov.in/gwptbengaluru/public/37/contact-us/zip/SakalBharati_kannada_fonts.html]
[gpt.karnataka.gov.in/gwptbengaluru/public/feedback/zip/kedage_kannada_fonts.html]
[gpt.karnataka.gov.in/gwptbengaluru/public/feedback/zip/mallige_kannada_fonts.html]
[gpt.karnataka.gov.in/gwptbengaluru/public/assets/front/js/custom8a94.js]
[gpt.karnataka.gov.in/gwptbengaluru/public/feedback/zip/Lohit_kannada_fonts.html]
[gpt.karnataka.gov.in/gwptbengaluru/public/feedback/zip/Murty_Kannada_fonts.html]
[gpt.karnataka.gov.in/gwptbengaluru/public/feedback/zip/SakalBharati_kannada_fonts.html]
[gpt.karnataka.gov.in/gwptbengaluru/public/back/captcha08c7.html]
[gpt.karnataka.gov.in/gwptbengaluru/public/assets/front/css/mystylef0c8.css]
[gpt.karnataka.gov.in/gwptbengaluru/public/assets/front/css/mymobilef0c8.css]
[gpt.karnataka.gov.in/gwptbengaluru/public/assets/front/css/mysmallmobilef0c8.css]
[gpt.karnataka.gov.in/gwptbengaluru/public/events/zip/kedage_kannada_fonts.html]
[gpt.karnataka.gov.in/gwptbengaluru/public/assets/front/js/custom42fd.js]
[gpt.karnataka.gov.in/gwptbengaluru/public/events/zip/mallige_kannada_fonts.html]
[gpt.karnataka.gov.in/gwptbengaluru/public/events/zip/Lohit_kannada_fonts.html]
[gpt.karnataka.gov.in/gwptbengaluru/public/events/zip/Murty_Kannada_fonts.html]
[gpt.karnataka.gov.in/gwptbengaluru/public/assets/front/js/custom2cf5.js]
[gpt.karnataka.gov.in/gwptbengaluru/public/events/zip/SakalBharati_kannada_fonts.html]
[gpt.karnataka.gov.in/gwptbengaluru/public/assets/front/css/mystyledde7.css]
[gpt.karnataka.gov.in/gwptbengaluru/public/assets/front/css/mymobiledde7.css]
[gpt.karnataka.gov.in/gwptbengaluru/public/assets/front/css/mysmallmobiledde7.css]
[gpt.karnataka.gov.in/gwptbengaluru/public/notifications/zip/kedage_kannada_fonts.html]
[gpt.karnataka.gov.in/gwptbengaluru/public/assets/front/js/custom137a.js]
[gpt.karnataka.gov.in/gwptbengaluru/public/notifications/zip/mallige_kannada_fonts.html]
[gpt.karnataka.gov.in/gwptbengaluru/public/notifications/zip/Lohit_kannada_fonts.html]
[gpt.karnataka.gov.in/gwptbengaluru/public/notifications/zip/Murty_Kannada_fonts.html]
[gpt.karnataka.gov.in/gwptbengaluru/public/assets/front/js/custombb75.js]
[gpt.karnataka.gov.in/gwptbengaluru/public/notifications/zip/SakalBharati_kannada_fonts.html]
[gpt.karnataka.gov.in/gwptbengaluru/public/assets/front/css/mystylef3ff.css]
[gpt.karnataka.gov.in/gwptbengaluru/public/assets/front/css/mymobilef3ff.css]
[gpt.karnataka.gov.in/gwptbengaluru/public/assets/front/css/mysmallmobilef3ff.css]
[gpt.karnataka.gov.in/gwptbengaluru/public/gallery/en.html]
[gpt.karnataka.gov.in/gwptbengaluru/public/assets/front/tabswipe/js/custom241f.js]
[gpt.karnataka.gov.in/gwptbengaluru/public/assets/front/js/custom241f.js]
[gpt.karnataka.gov.in/gwptbengaluru/public/gallery/zip/kedage_kannada_fonts.html]
[gpt.karnataka.gov.in/gwptbengaluru/public/gallery/zip/mallige_kannada_fonts.html]
[gpt.karnataka.gov.in/gwptbengaluru/public/gallery/zip/Lohit_kannada_fonts.html]
[gpt.karnataka.gov.in/gwptbengaluru/public/assets/front/js/customb7ff.js]
[gpt.karnataka.gov.in/gwptbengaluru/public/gallery/zip/Murty_Kannada_fonts.html]
[gpt.karnataka.gov.in/gwptbengaluru/public/gallery/zip/SakalBharati_kannada_fonts.html]
[gpt.karnataka.gov.in/gwptbengaluru/public/4/_gallery_/kn.html]
[gpt.karnataka.gov.in/gwptbengaluru/public/2/_gallery_/kn.html]
[gpt.karnataka.gov.in/gwptbengaluru/public/assets/front/js/customf8f5.js]
[gpt.karnataka.gov.in/gwptbengaluru/public/39/result-announcement/zip/kedage_kannada_fonts.html]
[gpt.karnataka.gov.in/gwptbengaluru/public/39/result-announcement/zip/mallige_kannada_fonts.html]
[gpt.karnataka.gov.in/gwptbengaluru/public/39/result-announcement/zip/Lohit_kannada_fonts.html]
[gpt.karnataka.gov.in/gwptbengaluru/public/39/result-announcement/zip/Murty_Kannada_fonts.html]
[gpt.karnataka.gov.in/gwptbengaluru/public/39/result-announcement/zip/SakalBharati_kannada_fonts.html]
[maxcdn.bootstrapcdn.com/bootstrap/3.4.1/css/bootstrap.min.css]
[www.w3schools.com/w3css/4/w3.css]
[stackpath.bootstrapcdn.com/bootstrap/5.0.0-alpha2/css/bootstrap.min.css]
[ceg.karnataka.gov.in/frontend/opt1/images/modal_icons/Statistics/js/jquery.rateyo.html]
[ceg.karnataka.gov.in/frontend/opt1/images/modal_icons/Statistics/js/main.html]
[ceg.karnataka.gov.in/frontend/opt1/images/modal_icons/Statistics/css/jquery.rateyo.html]
[ceg.karnataka.gov.in/frontend/opt1/images/modal_icons/Statistics/owl/owl.carousel.html]
[ceg.karnataka.gov.in/frontend/opt1/images/modal_icons/Statistics/css/tablet.html]
[ceg.karnataka.gov.in/frontend/opt1/images/modal_icons/Statistics/css/small_mobile.html]
[ceg.karnataka.gov.in/frontend/opt1/images/modal_icons/Statistics/images/kannada-icon.html]
[ceg.karnataka.gov.in/frontend/opt1/images/modal_icons/Statistics/knindex.html]
[ceg.karnataka.gov.in/frontend/opt1/images/modal_icons/Statistics/images/dept_logo.html]
[ceg.karnataka.gov.in/frontend/opt1/images/modal_icons/Statistics/vision.html]
[ceg.karnataka.gov.in/frontend/opt1/images/modal_icons/Statistics/awards.html]
[ceg.karnataka.gov.in/frontend/opt1/images/modal_icons/Statistics/gallery.html]
[ceg.karnataka.gov.in/frontend/opt1/images/modal_icons/Statistics/rti.html]
[ceg.karnataka.gov.in/frontend/opt1/images/modal_icons/Statistics/pdf/rti.html]
[ceg.karnataka.gov.in/frontend/opt1/images/modal_icons/Statistics/pdf/version1.html]
[ceg.karnataka.gov.in/frontend/opt1/images/modal_icons/Statistics/Blog/public.html]
[ceg.karnataka.gov.in/frontend/opt1/images/modal_icons/Statistics/contact.html]
[ceg.karnataka.gov.in/frontend/opt1/images/modal_icons/Statistics/images/banner2.html]
[connect.facebook.net/kn_IN/sdk.js]
[ceg.karnataka.gov.in/frontend/opt1/images/modal_icons/Statistics/images/newabt.html]
[ceg.karnataka.gov.in/frontend/opt1/images/modal_icons/Statistics/about.html]
[ceg.karnataka.gov.in/frontend/opt1/images/modal_icons/Statistics/images/newmessage.html]
[ceg.karnataka.gov.in/frontend/opt1/images/modal_icons/Statistics/organization.html]
[ceg.karnataka.gov.in/frontend/opt1/images/modal_icons/Statistics/images/new3.html]
[ceg.karnataka.gov.in/frontend/opt1/images/modal_icons/Statistics/message.html]
[ceg.karnataka.gov.in/frontend/opt1/images/modal_icons/Statistics/images/dept.html]
[ceg.karnataka.gov.in/frontend/opt1/images/modal_icons/Statistics/images/dept_img/enimages/Crop survey.html]
[ceg.karnataka.gov.in/frontend/opt1/images/modal_icons/Statistics/images/dept_img/enimages/E-Office.html]
[ceg.karnataka.gov.in/frontend/opt1/images/modal_icons/Statistics/images/dept_img/enimages/Web POrtal.html]
[ceg.karnataka.gov.in/frontend/opt1/images/modal_icons/Statistics/images/dept_img/enimages/KODI.html]
[ceg.karnataka.gov.in/frontend/opt1/images/modal_icons/Statistics/images/dept_img/enimages/Digi.html]
[ceg.karnataka.gov.in/frontend/opt1/images/modal_icons/Statistics/images/dept_img/enimages/RTI.html]
[ceg.karnataka.gov.in/frontend/opt1/images/modal_icons/Statistics/images/dept_img/enimages/Mahithi Kanaja.html]
[ceg.karnataka.gov.in/frontend/opt1/images/modal_icons/Statistics/images/dept_img/enimages/E Kannada.html]
[ceg.karnataka.gov.in/frontend/opt1/images/modal_icons/Statistics/images/dept_img/enimages/SSP.html]
[ceg.karnataka.gov.in/frontend/opt1/images/modal_icons/Statistics/images/dept_img/enimages/NAD.html]
[ceg.karnataka.gov.in/frontend/opt1/images/modal_icons/Statistics/images/dept_img/enimages/Suvidha.html]
[ceg.karnataka.gov.in/frontend/opt1/images/modal_icons/Statistics/images/dept_img/enimages/Fruits.html]
[ceg.karnataka.gov.in/frontend/opt1/images/modal_icons/Statistics/images/dept_img/enimages/E-Sahamathi.html]
[ceg.karnataka.gov.in/frontend/opt1/images/modal_icons/Statistics/images/dept_img/enimages/Aadhar.html]
[ceg.karnataka.gov.in/frontend/opt1/images/modal_icons/Statistics/images/dept_img/enimages/Capacity Building.html]
[ceg.karnataka.gov.in/frontend/opt1/images/modal_icons/Statistics/images/dept_img/enimages/KRDH (1).html]
[ceg.karnataka.gov.in/frontend/opt1/images/modal_icons/Statistics/images/dept_img/enimages/Kutumba.html]
[ceg.karnataka.gov.in/frontend/opt1/images/modal_icons/Statistics/seclan.html]
[ceg.karnataka.gov.in/frontend/opt1/images/modal_icons/Statistics/images/dept_img/enimages/SecLAN 2.0.html]
[ceg.karnataka.gov.in/frontend/opt1/images/modal_icons/Statistics/sdc.html]
[ceg.karnataka.gov.in/frontend/opt1/images/modal_icons/Statistics/images/dept_img/enimages/SDC.html]
[ceg.karnataka.gov.in/frontend/opt1/images/modal_icons/Statistics/images/dept_img/enimages/DBT.html]
[ceg.karnataka.gov.in/frontend/opt1/images/modal_icons/Statistics/images/dept_img/enimages/Mygov.html]
[ceg.karnataka.gov.in/frontend/opt1/images/modal_icons/Statistics/policies.html]
[ceg.karnataka.gov.in/frontend/opt1/images/modal_icons/Statistics/guidelines.html]
[ceg.karnataka.gov.in/frontend/opt1/images/modal_icons/Statistics/js/wow.min.html]
[ceg.karnataka.gov.in/frontend/opt1/images/modal_icons/Statistics/owl/owl.carousel-2.html]
[ceg.karnataka.gov.in/frontend/opt1/images/modal_icons/Statistics/js/colorchange.html]
[gpt.karnataka.gov.in/gwptbengaluru/public/assets/front/css/mystyle031e.css]
[gpt.karnataka.gov.in/gwptbengaluru/public/assets/front/css/mymobile031e.css]
[gpt.karnataka.gov.in/gwptbengaluru/public/assets/front/css/mysmallmobile031e.css]
[gpt.karnataka.gov.in/gwptbengaluru/public/sitemap/zip/kedage_kannada_fonts.html]
[gpt.karnataka.gov.in/gwptbengaluru/public/sitemap/zip/mallige_kannada_fonts.html]
[gpt.karnataka.gov.in/gwptbengaluru/public/sitemap/zip/Lohit_kannada_fonts.html]
[gpt.karnataka.gov.in/gwptbengaluru/public/sitemap/zip/Murty_Kannada_fonts.html]
[gpt.karnataka.gov.in/gwptbengaluru/public/sitemap/zip/SakalBharati_kannada_fonts.html]
[gpt.karnataka.gov.in/gwptbengaluru/public/assets/front/css/mystylea356.css]
[gpt.karnataka.gov.in/gwptbengaluru/public/assets/front/css/mymobilea356.css]
[gpt.karnataka.gov.in/gwptbengaluru/public/assets/front/css/mysmallmobilea356.css]
[gpt.karnataka.gov.in/gwptbengaluru/public/assets/front/css/mystylef9cd.css]
[gpt.karnataka.gov.in/gwptbengaluru/public/assets/front/css/mymobilef9cd.css]
[gpt.karnataka.gov.in/gwptbengaluru/public/assets/front/css/mysmallmobilef9cd.css]
[gpt.karnataka.gov.in/gwptbengaluru/public/back/captchaf9cd.html]
[gpt.karnataka.gov.in/gwptbengaluru/public/assets/front/css/mystyleb54f.css]
[gpt.karnataka.gov.in/gwptbengaluru/public/assets/front/css/mymobileb54f.css]
[gpt.karnataka.gov.in/gwptbengaluru/public/assets/front/css/mysmallmobileb54f.css]
[gpt.karnataka.gov.in/gwptbengaluru/public/assets/back/fonts/glyphicons-halflings-regular.svg]
[gpt.karnataka.gov.in/gwptbengaluru/public/assets/back/img/crop.html]
[gpt.karnataka.gov.in/gwptbengaluru/public/assets/back/img/progress.html]
[gpt.karnataka.gov.in/gwptbengaluru/public/assets/back/img/toolbar.html]
[gpt.karnataka.gov.in/gwptbengaluru/public/assets/back/img/arrows-normal.html]
[gpt.karnataka.gov.in/gwptbengaluru/public/assets/back/img/icons-big.html]
[gpt.karnataka.gov.in/gwptbengaluru/public/assets/back/img/icons-small.html]
[gpt.karnataka.gov.in/gwptbengaluru/public/assets/back/img/dialogs.html]
[gpt.karnataka.gov.in/gwptbengaluru/public/assets/back/img/spinner-mini.html]
[gpt.karnataka.gov.in/gwptbengaluru/public/assets/back/img/arrows-active.html]
[gpt.karnataka.gov.in/gwptbengaluru/public/assets/back/img/resize.html]
[gpt.karnataka.gov.in/gwptbengaluru/public/assets/back/img/quicklook-bg.html]
[gpt.karnataka.gov.in/gwptbengaluru/public/assets/back/img/quicklook-icons.html]
[gpt.karnataka.gov.in/gwptbengaluru/public/assets/back/img/ios-style-checkboxes/on7ec1.html]
[gpt.karnataka.gov.in/gwptbengaluru/public/assets/back/img/ios-style-checkboxes/off7ec1.html]
[gpt.karnataka.gov.in/gwptbengaluru/public/assets/back/img/ios-style-checkboxes/slider_left7ec1.html]
[gpt.karnataka.gov.in/gwptbengaluru/public/assets/back/img/ios-style-checkboxes/slider_right7ec1.html]
[gpt.karnataka.gov.in/gwptbengaluru/public/assets/back/img/ios-style-checkboxes/slider_center7ec1.html]
[gpt.karnataka.gov.in/gwptbengaluru/public/zip/kedage_kannada_fonts.html]
[gpt.karnataka.gov.in/gwptbengaluru/public/zip/mallige_kannada_fonts.html]
[gpt.karnataka.gov.in/gwptbengaluru/public/zip/Lohit_kannada_fonts.html]
[gpt.karnataka.gov.in/gwptbengaluru/public/zip/Murty_Kannada_fonts.html]
[gpt.karnataka.gov.in/gwptbengaluru/public/zip/SakalBharati_kannada_fonts.html]
[gpt.karnataka.gov.in/gwptbengaluru/public/assets/front/css/mystyle0f34.css]
[gpt.karnataka.gov.in/gwptbengaluru/public/assets/front/css/mymobile0f34.css]
[gpt.karnataka.gov.in/gwptbengaluru/public/assets/front/css/mysmallmobile0f34.css]
[gpt.karnataka.gov.in/gwptbengaluru/public/23/history/zip/kedage_kannada_fonts-2.html]
[gpt.karnataka.gov.in/gwptbengaluru/public/23/history/zip/zip/kedage_kannada_fonts.html]
[gpt.karnataka.gov.in/gwptbengaluru/public/23/history/zip/zip/mallige_kannada_fonts.html]
[gpt.karnataka.gov.in/gwptbengaluru/public/23/history/zip/zip/Lohit_kannada_fonts.html]
[gpt.karnataka.gov.in/gwptbengaluru/public/23/history/zip/zip/Murty_Kannada_fonts.html]
[gpt.karnataka.gov.in/gwptbengaluru/public/23/history/zip/zip/SakalBharati_kannada_fonts.html]
[planning.karnataka.gov.in/frontend/opt1/images/cm_logo/chief_minister_of_karrnataka_zip.html]
[gpt.karnataka.gov.in/gwptbengaluru/public/23/history/zip.html]
[gpt.karnataka.gov.in/gwptbengaluru/public/21/science-and-humanities/zip.html]
[gpt.karnataka.gov.in/gwptbengaluru/public/37/contact-us/zip.html]
[gpt.karnataka.gov.in/gwptbengaluru/public/assets/front/css/mystyle1a4d.css]
[gpt.karnataka.gov.in/gwptbengaluru/public/assets/front/css/mymobile1a4d.css]
[gpt.karnataka.gov.in/gwptbengaluru/public/assets/front/css/mysmallmobile1a4d.css]
[gpt.karnataka.gov.in/gwptbengaluru/public/23/history/zip/mallige_kannada_fonts-2.html]
[gpt.karnataka.gov.in/gwptbengaluru/public/23/history/zip/Lohit_kannada_fonts-2.html]
[gpt.karnataka.gov.in/gwptbengaluru/public/23/history/zip/Murty_Kannada_fonts-2.html]
[gpt.karnataka.gov.in/gwptbengaluru/public/23/history/zip/SakalBharati_kannada_fonts-2.html]
[gpt.karnataka.gov.in/gwptbengaluru/public/assets/front/css/mystylef554.css]
[gpt.karnataka.gov.in/gwptbengaluru/public/assets/front/css/mymobilef554.css]
[gpt.karnataka.gov.in/gwptbengaluru/public/assets/front/css/mysmallmobilef554.css]
[gpt.karnataka.gov.in/gwptbengaluru/public/21/science-and-humanities/zip/kedage_kannada_fonts-2.html]
[gpt.karnataka.gov.in/gwptbengaluru/public/21/science-and-humanities/zip/zip/kedage_kannada_fonts.html]
[gpt.karnataka.gov.in/gwptbengaluru/public/21/science-and-humanities/zip/zip/mallige_kannada_fonts.html]
[gpt.karnataka.gov.in/gwptbengaluru/public/21/science-and-humanities/zip/zip/Lohit_kannada_fonts.html]
[gpt.karnataka.gov.in/gwptbengaluru/public/21/science-and-humanities/zip/zip/Murty_Kannada_fonts.html]
[gpt.karnataka.gov.in/gwptbengaluru/public/21/science-and-humanities/zip/zip/SakalBharati_kannada_fonts.html]
[gpt.karnataka.gov.in/gwptbengaluru/public/21/science-and-humanities/zip/mallige_kannada_fonts-2.html]
[gpt.karnataka.gov.in/gwptbengaluru/public/21/science-and-humanities/zip/Lohit_kannada_fonts-2.html]
[gpt.karnataka.gov.in/gwptbengaluru/public/21/science-and-humanities/zip/Murty_Kannada_fonts-2.html]
[gpt.karnataka.gov.in/gwptbengaluru/public/assets/front/css/mystylec059.css]
[gpt.karnataka.gov.in/gwptbengaluru/public/assets/front/css/mymobilec059.css]
[gpt.karnataka.gov.in/gwptbengaluru/public/assets/front/css/mysmallmobilec059.css]
[gpt.karnataka.gov.in/gwptbengaluru/public/21/science-and-humanities/zip/SakalBharati_kannada_fonts-2.html]
[gpt.karnataka.gov.in/gwptbengaluru/public/37/contact-us/zip/kedage_kannada_fonts-2.html]
[gpt.karnataka.gov.in/gwptbengaluru/public/37/contact-us/zip/zip/kedage_kannada_fonts.html]
[gpt.karnataka.gov.in/gwptbengaluru/public/37/contact-us/zip/zip/mallige_kannada_fonts.html]
[gpt.karnataka.gov.in/gwptbengaluru/public/37/contact-us/zip/zip/Lohit_kannada_fonts.html]
[gpt.karnataka.gov.in/gwptbengaluru/public/37/contact-us/zip/zip/Murty_Kannada_fonts.html]
[gpt.karnataka.gov.in/gwptbengaluru/public/37/contact-us/zip/zip/SakalBharati_kannada_fonts.html]
[gpt.karnataka.gov.in/gwptbengaluru/public/37/contact-us/zip/mallige_kannada_fonts-2.html]
[gpt.karnataka.gov.in/gwptbengaluru/public/37/contact-us/zip/Lohit_kannada_fonts-2.html]
[gpt.karnataka.gov.in/gwptbengaluru/public/assets/front/css/mystyle419d.css]
[gpt.karnataka.gov.in/gwptbengaluru/public/assets/front/css/mymobile419d.css]
[gpt.karnataka.gov.in/gwptbengaluru/public/assets/front/css/mysmallmobile419d.css]
[gpt.karnataka.gov.in/gwptbengaluru/public/37/contact-us/zip/Murty_Kannada_fonts-2.html]
[gpt.karnataka.gov.in/gwptbengaluru/public/37/contact-us/zip/SakalBharati_kannada_fonts-2.html]
[gpt.karnataka.gov.in/gwptbengaluru/public/feedback/zip/kedage_kannada_fonts-2.html]
[gpt.karnataka.gov.in/gwptbengaluru/public/feedback/zip/zip/kedage_kannada_fonts.html]
[gpt.karnataka.gov.in/gwptbengaluru/public/feedback/zip/zip/mallige_kannada_fonts.html]
[gpt.karnataka.gov.in/gwptbengaluru/public/feedback/zip/zip/Lohit_kannada_fonts.html]
[gpt.karnataka.gov.in/gwptbengaluru/public/feedback/zip/zip/Murty_Kannada_fonts.html]
[gpt.karnataka.gov.in/gwptbengaluru/public/feedback/zip/zip/SakalBharati_kannada_fonts.html]
[gpt.karnataka.gov.in/gwptbengaluru/public/back/captcha419d.html]
[gpt.karnataka.gov.in/gwptbengaluru/public/feedback/zip/mallige_kannada_fonts-2.html]
[gpt.karnataka.gov.in/gwptbengaluru/public/assets/front/css/mystyle8a94.css]
[gpt.karnataka.gov.in/gwptbengaluru/public/assets/front/css/mymobile8a94.css]
[gpt.karnataka.gov.in/gwptbengaluru/public/assets/front/css/mysmallmobile8a94.css]
[gpt.karnataka.gov.in/gwptbengaluru/public/feedback/zip/Lohit_kannada_fonts-2.html]
[gpt.karnataka.gov.in/gwptbengaluru/public/back/captcha8a94.html]
[gpt.karnataka.gov.in/gwptbengaluru/public/feedback/zip/Murty_Kannada_fonts-2.html]
[gpt.karnataka.gov.in/gwptbengaluru/public/feedback/zip/SakalBharati_kannada_fonts-2.html]
[gpt.karnataka.gov.in/gwptbengaluru/public/assets/front/css/mystyle42fd.css]
[gpt.karnataka.gov.in/gwptbengaluru/public/assets/front/css/mymobile42fd.css]
[gpt.karnataka.gov.in/gwptbengaluru/public/assets/front/css/mysmallmobile42fd.css]
[gpt.karnataka.gov.in/gwptbengaluru/public/events/zip/kedage_kannada_fonts-2.html]
[gpt.karnataka.gov.in/gwptbengaluru/public/events/zip/zip/kedage_kannada_fonts.html]
[gpt.karnataka.gov.in/gwptbengaluru/public/events/zip/zip/mallige_kannada_fonts.html]
[gpt.karnataka.gov.in/gwptbengaluru/public/events/zip/zip/Lohit_kannada_fonts.html]
[gpt.karnataka.gov.in/gwptbengaluru/public/events/zip/zip/Murty_Kannada_fonts.html]
[gpt.karnataka.gov.in/gwptbengaluru/public/events/zip/zip/SakalBharati_kannada_fonts.html]
[gpt.karnataka.gov.in/gwptbengaluru/public/events/zip/mallige_kannada_fonts-2.html]
[gpt.karnataka.gov.in/gwptbengaluru/public/events/zip/Lohit_kannada_fonts-2.html]
[gpt.karnataka.gov.in/gwptbengaluru/public/events/zip/Murty_Kannada_fonts-2.html]
[gpt.karnataka.gov.in/gwptbengaluru/public/assets/front/css/mystyle2cf5.css]
[gpt.karnataka.gov.in/gwptbengaluru/public/assets/front/css/mymobile2cf5.css]
[gpt.karnataka.gov.in/gwptbengaluru/public/assets/front/css/mysmallmobile2cf5.css]
[gpt.karnataka.gov.in/gwptbengaluru/public/events/zip/SakalBharati_kannada_fonts-2.html]
[gpt.karnataka.gov.in/gwptbengaluru/public/assets/front/css/mystyle137a.css]
[gpt.karnataka.gov.in/gwptbengaluru/public/assets/front/css/mymobile137a.css]
[gpt.karnataka.gov.in/gwptbengaluru/public/assets/front/css/mysmallmobile137a.css]
[gpt.karnataka.gov.in/gwptbengaluru/public/notifications/zip/kedage_kannada_fonts-2.html]
[gpt.karnataka.gov.in/gwptbengaluru/public/notifications/zip/zip/kedage_kannada_fonts.html]
[gpt.karnataka.gov.in/gwptbengaluru/public/notifications/zip/zip/mallige_kannada_fonts.html]
[gpt.karnataka.gov.in/gwptbengaluru/public/notifications/zip/zip/Lohit_kannada_fonts.html]
[gpt.karnataka.gov.in/gwptbengaluru/public/notifications/zip/zip/Murty_Kannada_fonts.html]
[gpt.karnataka.gov.in/gwptbengaluru/public/notifications/zip/zip/SakalBharati_kannada_fonts.html]
[gpt.karnataka.gov.in/gwptbengaluru/public/notifications/zip/mallige_kannada_fonts-2.html]
[gpt.karnataka.gov.in/gwptbengaluru/public/notifications/zip/Lohit_kannada_fonts-2.html]
[gpt.karnataka.gov.in/gwptbengaluru/public/assets/front/css/mystylebb75.css]
[gpt.karnataka.gov.in/gwptbengaluru/public/assets/front/css/mymobilebb75.css]
[gpt.karnataka.gov.in/gwptbengaluru/public/assets/front/css/mysmallmobilebb75.css]
[gpt.karnataka.gov.in/gwptbengaluru/public/notifications/zip/Murty_Kannada_fonts-2.html]
[gpt.karnataka.gov.in/gwptbengaluru/public/notifications/zip/SakalBharati_kannada_fonts-2.html]
[gpt.karnataka.gov.in/gwptbengaluru/public/assets/front/css/mystyle241f.css]
[gpt.karnataka.gov.in/gwptbengaluru/public/assets/front/css/mymobile241f.css]
[gpt.karnataka.gov.in/gwptbengaluru/public/assets/front/css/mysmallmobile241f.css]
[gpt.karnataka.gov.in/gwptbengaluru/public/4/_gallery_/en.html]
[gpt.karnataka.gov.in/gwptbengaluru/public/2/_gallery_/en.html]
[gpt.karnataka.gov.in/gwptbengaluru/public/gallery/zip/kedage_kannada_fonts-2.html]
[gpt.karnataka.gov.in/gwptbengaluru/public/gallery/zip/zip/kedage_kannada_fonts.html]
[gpt.karnataka.gov.in/gwptbengaluru/public/gallery/zip/zip/mallige_kannada_fonts.html]
[gpt.karnataka.gov.in/gwptbengaluru/public/gallery/zip/zip/Lohit_kannada_fonts.html]
[gpt.karnataka.gov.in/gwptbengaluru/public/gallery/zip/zip/Murty_Kannada_fonts.html]
[gpt.karnataka.gov.in/gwptbengaluru/public/gallery/zip/zip/SakalBharati_kannada_fonts.html]
[gpt.karnataka.gov.in/gwptbengaluru/public/gallery/zip/mallige_kannada_fonts-2.html]
[gpt.karnataka.gov.in/gwptbengaluru/public/assets/front/css/mystyleb7ff.css]
[gpt.karnataka.gov.in/gwptbengaluru/public/assets/front/css/mymobileb7ff.css]
[gpt.karnataka.gov.in/gwptbengaluru/public/assets/front/css/mysmallmobileb7ff.css]
[gpt.karnataka.gov.in/gwptbengaluru/public/gallery/zip/Lohit_kannada_fonts-2.html]
[gpt.karnataka.gov.in/gwptbengaluru/public/gallery/zip/Murty_Kannada_fonts-2.html]
[gpt.karnataka.gov.in/gwptbengaluru/public/gallery/zip/SakalBharati_kannada_fonts-2.html]
[gpt.karnataka.gov.in/gwptbengaluru/public/4/_gallery_/zip/kedage_kannada_fonts.html]
[gpt.karnataka.gov.in/gwptbengaluru/public/4/_gallery_/zip/mallige_kannada_fonts.html]
[gpt.karnataka.gov.in/gwptbengaluru/public/4/_gallery_/zip/Lohit_kannada_fonts.html]
[gpt.karnataka.gov.in/gwptbengaluru/public/4/_gallery_/zip/Murty_Kannada_fonts.html]
[gpt.karnataka.gov.in/gwptbengaluru/public/4/_gallery_/zip/SakalBharati_kannada_fonts.html]
[gpt.karnataka.gov.in/gwptbengaluru/public/assets/front/css/mystylef8f5.css]
[gpt.karnataka.gov.in/gwptbengaluru/public/assets/front/css/mymobilef8f5.css]
[gpt.karnataka.gov.in/gwptbengaluru/public/assets/front/css/mysmallmobilef8f5.css]
[gpt.karnataka.gov.in/gwptbengaluru/public/2/_gallery_/zip/kedage_kannada_fonts.html]
[gpt.karnataka.gov.in/gwptbengaluru/public/2/_gallery_/zip/mallige_kannada_fonts.html]
[gpt.karnataka.gov.in/gwptbengaluru/public/2/_gallery_/zip/Lohit_kannada_fonts.html]
[gpt.karnataka.gov.in/gwptbengaluru/public/2/_gallery_/zip/Murty_Kannada_fonts.html]
[gpt.karnataka.gov.in/gwptbengaluru/public/2/_gallery_/zip/SakalBharati_kannada_fonts.html]
[gpt.karnataka.gov.in/gwptbengaluru/public/39/result-announcement/zip/kedage_kannada_fonts-2.html]
[gpt.karnataka.gov.in/gwptbengaluru/public/39/result-announcement/zip/zip/kedage_kannada_fonts.html]
[gpt.karnataka.gov.in/gwptbengaluru/public/39/result-announcement/zip/zip/mallige_kannada_fonts.html]
[ceg.karnataka.gov.in/frontend/opt1/images/modal_icons/Statistics/images/kar_main_logo.png]
[ceg.karnataka.gov.in/frontend/opt1/images/modal_icons/Statistics/css/animate.min.css]
[ceg.karnataka.gov.in/frontend/opt1/images/modal_icons/Statistics/css/mystyle.css]
[ceg.karnataka.gov.in/frontend/opt1/images/modal_icons/Statistics/css/laptop.css]
[ceg.karnataka.gov.in/frontend/opt1/images/modal_icons/Statistics/css/mobile.css]
[ceg.karnataka.gov.in/frontend/opt1/images/modal_icons/Statistics/index.php]
[ceg.karnataka.gov.in/frontend/opt1/images/modal_icons/Statistics/pdf/version2.pdf]
[ceg.karnataka.gov.in/frontend/opt1/images/modal_icons/Statistics/media.html]
[ceg.karnataka.gov.in/frontend/opt1/images/modal_icons/Statistics/images/dept_img/enimages/IPGRS.jpg]
[ceg.karnataka.gov.in/frontend/opt1/images/modal_icons/Statistics/images/dept_img/enimages/E PROC New (1).jpg]
[ceg.karnataka.gov.in/frontend/opt1/images/modal_icons/Statistics/images/dept_img/enimages/KSWAN.jpg]
[gpt.karnataka.gov.in/gwptbengaluru/public/assets/front/owl/owl.video.play.html]
[gpt.karnataka.gov.in/gwptbengaluru/public/assets/front/fonts/glyphicons-halflings-regular.html]
[gpt.karnataka.gov.in/gwptbengaluru/public/assets/front/fonts/glyphicons-halflings-regulard41d.html]
[gpt.karnataka.gov.in/gwptbengaluru/public/assets/front/fonts/glyphicons-halflings-regular-2.html]
[gpt.karnataka.gov.in/gwptbengaluru/public/assets/front/fonts/glyphicons-halflings-regular-3.html]
[gpt.karnataka.gov.in/gwptbengaluru/public/assets/front/fonts/glyphicons-halflings-regular-4.html]
[gpt.karnataka.gov.in/gwptbengaluru/public/assets/front/img/fancybox_loading.html]
[gpt.karnataka.gov.in/gwptbengaluru/public/assets/front/img/blank.html]
[gpt.karnataka.gov.in/gwptbengaluru/public/assets/front/img/fancybox_sprite@2x.html]
[gpt.karnataka.gov.in/gwptbengaluru/public/assets/front/img/fancybox_loading@2x.html]
[gpt.karnataka.gov.in/gwptbengaluru/public/assets/front/images/WZ8SGp.html]
[gpt.karnataka.gov.in/gwptbengaluru/public/assets/front/img/empresa-1-logo.html]
[gpt.karnataka.gov.in/gwptbengaluru/public/assets/front/images1/core_values_bg.html]
[gpt.karnataka.gov.in/gwptbengaluru/public/eventsen.html]
